[2023-02-27 16:58:21,925][ERROR|Crawler3.py:82] >> error!!!
[2023-02-27 16:58:46,590][ERROR|Crawler3.py:82] >> error!!!
